// Jest Snapshot v1, https://goo.gl/fbAQLP

exports[`Snapshot render component 1`] = `null`;
